
Memory Configuration

Name             Origin             Length             Attributes
flash            0x0000000008000000 0x0000000000020000 xr
SRAM             0x0000000020000000 0x0000000000005000 xrw
*default*        0x0000000000000000 0xffffffffffffffff

Linker script and memory map


.text           0x0000000008000000      0x10c
 *(.vectos*)
 *(.text*)
 .text          0x0000000008000000       0x7c main.o
                0x0000000008000000                main
 .text          0x000000000800007c       0x90 startup.o
                0x000000000800007c                Reset_Handler
                0x0000000008000100                MM_Fault_Handler
                0x0000000008000100                Bus_Fault
                0x0000000008000100                Default_Handler
                0x0000000008000100                H_fault_Handler
                0x0000000008000100                Usage_Fault_Handler
                0x0000000008000100                NMI_Handler
                0x000000000800010c                E_text = .

.glue_7         0x000000000800010c        0x0
 .glue_7        0x000000000800010c        0x0 linker stubs

.glue_7t        0x000000000800010c        0x0
 .glue_7t       0x000000000800010c        0x0 linker stubs

.vfp11_veneer   0x000000000800010c        0x0
 .vfp11_veneer  0x000000000800010c        0x0 linker stubs

.v4_bx          0x000000000800010c        0x0
 .v4_bx         0x000000000800010c        0x0 linker stubs

.iplt           0x000000000800010c        0x0
 .iplt          0x000000000800010c        0x0 main.o

.rel.dyn        0x000000000800010c        0x0
 .rel.iplt      0x000000000800010c        0x0 main.o

.data           0x0000000020000000        0x4 load address 0x000000000800010c
                0x0000000020000000                S_data = .
 *(.data)
 .data          0x0000000020000000        0x4 main.o
                0x0000000020000000                ODR
 .data          0x0000000020000004        0x0 startup.o
                0x0000000020000004                E_data = .

.igot.plt       0x0000000020000004        0x0 load address 0x0000000008000110
 .igot.plt      0x0000000020000004        0x0 main.o

.vectors        0x0000000020000004       0x1c load address 0x0000000008000110
 .vectors       0x0000000020000004       0x1c startup.o
                0x0000000020000004                vectors

.bss            0x0000000020000020     0x1000 load address 0x000000000800012c
                0x0000000020000020                S_bss = .
 *(.bss)
 .bss           0x0000000020000020        0x0 main.o
 .bss           0x0000000020000020        0x0 startup.o
                0x0000000020000020                . = ALIGN (0x4)
                0x0000000020000020                E_bss = .
                0x0000000020000020                . = ALIGN (0x4)
                0x0000000020001020                . = (. + 0x1000)
 *fill*         0x0000000020000020     0x1000 
                0x0000000020001020                sp = .
LOAD main.o
LOAD startup.o
OUTPUT(lab2_cortex-m3.elf elf32-littlearm)

.debug_info     0x0000000000000000      0x2b4
 .debug_info    0x0000000000000000      0x13d main.o
 .debug_info    0x000000000000013d      0x177 startup.o

.debug_abbrev   0x0000000000000000      0x1c5
 .debug_abbrev  0x0000000000000000       0xdc main.o
 .debug_abbrev  0x00000000000000dc       0xe9 startup.o

.debug_loc      0x0000000000000000       0xb4
 .debug_loc     0x0000000000000000       0x38 main.o
 .debug_loc     0x0000000000000038       0x7c startup.o

.debug_aranges  0x0000000000000000       0x40
 .debug_aranges
                0x0000000000000000       0x20 main.o
 .debug_aranges
                0x0000000000000020       0x20 startup.o

.debug_line     0x0000000000000000       0xe5
 .debug_line    0x0000000000000000       0x6a main.o
 .debug_line    0x000000000000006a       0x7b startup.o

.debug_str      0x0000000000000000      0x17f
 .debug_str     0x0000000000000000      0x10f main.o
                                        0x130 (size before relaxing)
 .debug_str     0x000000000000010f       0x70 startup.o
                                        0x164 (size before relaxing)

.comment        0x0000000000000000       0x7b
 .comment       0x0000000000000000       0x7b main.o
                                         0x7c (size before relaxing)
 .comment       0x000000000000007b       0x7c startup.o

.ARM.attributes
                0x0000000000000000       0x33
 .ARM.attributes
                0x0000000000000000       0x33 main.o
 .ARM.attributes
                0x0000000000000033       0x33 startup.o

.debug_frame    0x0000000000000000       0x7c
 .debug_frame   0x0000000000000000       0x2c main.o
 .debug_frame   0x000000000000002c       0x50 startup.o
