
Memory Configuration

Name             Origin             Length             Attributes
flash            0x0000000008000000 0x0000000000020000 xr
SRAM             0x0000000020000000 0x0000000000005000 xrw
*default*        0x0000000000000000 0xffffffffffffffff

Linker script and memory map


.text           0x0000000008000000       0x84
 *(.vectos*)
 *(.text*)
 .text          0x0000000008000000       0x7c main.o
                0x0000000008000000                main
 .text          0x000000000800007c        0x8 startup.o

.glue_7         0x0000000008000084        0x0
 .glue_7        0x0000000008000084        0x0 linker stubs

.glue_7t        0x0000000008000084        0x0
 .glue_7t       0x0000000008000084        0x0 linker stubs

.vfp11_veneer   0x0000000008000084        0x0
 .vfp11_veneer  0x0000000008000084        0x0 linker stubs

.v4_bx          0x0000000008000084        0x0
 .v4_bx         0x0000000008000084        0x0 linker stubs

.iplt           0x0000000008000084        0x0
 .iplt          0x0000000008000084        0x0 main.o

.rel.dyn        0x0000000008000084        0x0
 .rel.iplt      0x0000000008000084        0x0 main.o

.data           0x0000000008000084        0x4
 *(.data)
 .data          0x0000000008000084        0x4 main.o
                0x0000000008000084                ODR
 .data          0x0000000008000088        0x0 startup.o

.igot.plt       0x0000000008000088        0x0
 .igot.plt      0x0000000008000088        0x0 main.o

.bss            0x0000000020000000        0x0
 *(.bss)
 .bss           0x0000000020000000        0x0 main.o
 .bss           0x0000000020000000        0x0 startup.o
LOAD main.o
LOAD startup.o
OUTPUT(lab2_cortex-m3.elf elf32-littlearm)

.debug_info     0x0000000000000000      0x163
 .debug_info    0x0000000000000000      0x13d main.o
 .debug_info    0x000000000000013d       0x26 startup.o

.debug_abbrev   0x0000000000000000       0xf0
 .debug_abbrev  0x0000000000000000       0xdc main.o
 .debug_abbrev  0x00000000000000dc       0x14 startup.o

.debug_loc      0x0000000000000000       0x38
 .debug_loc     0x0000000000000000       0x38 main.o

.debug_aranges  0x0000000000000000       0x40
 .debug_aranges
                0x0000000000000000       0x20 main.o
 .debug_aranges
                0x0000000000000020       0x20 startup.o

.debug_line     0x0000000000000000       0xa5
 .debug_line    0x0000000000000000       0x6a main.o
 .debug_line    0x000000000000006a       0x3b startup.o

.debug_str      0x0000000000000000      0x127
 .debug_str     0x0000000000000000      0x10f main.o
                                        0x130 (size before relaxing)
 .debug_str     0x000000000000010f       0x18 startup.o
                                         0x2f (size before relaxing)

.comment        0x0000000000000000       0x7b
 .comment       0x0000000000000000       0x7b main.o
                                         0x7c (size before relaxing)

.ARM.attributes
                0x0000000000000000       0x31
 .ARM.attributes
                0x0000000000000000       0x33 main.o
 .ARM.attributes
                0x0000000000000033       0x21 startup.o

.vectors        0x0000000000000000       0x50
 .vectors       0x0000000000000000       0x50 startup.o

.debug_frame    0x0000000000000000       0x2c
 .debug_frame   0x0000000000000000       0x2c main.o
