
Memory Configuration

Name             Origin             Length             Attributes
flash            0x0000000000000000 0x0000000020000000 xr
SRAM             0x0000000020000000 0x0000000020000000 xrw
*default*        0x0000000000000000 0xffffffffffffffff

Linker script and memory map


.text           0x0000000000000000      0x128
 *(.vectos*)
 *(.text*)
 .text          0x0000000000000000       0x98 main.o
                0x0000000000000000                main
 .text          0x0000000000000098       0x90 startup.o
                0x0000000000000098                H_fault_Handler
                0x0000000000000098                Default_Handler
                0x0000000000000098                NMI_Handler
                0x00000000000000a4                Reset_Handler
 *(.rodata)
                0x0000000000000128                E_text = .

.vectors        0x0000000000000128       0x10
 .vectors       0x0000000000000128       0x10 startup.o
                0x0000000000000128                global_array

.glue_7         0x0000000000000138        0x0
 .glue_7        0x0000000000000138        0x0 linker stubs

.glue_7t        0x0000000000000138        0x0
 .glue_7t       0x0000000000000138        0x0 linker stubs

.vfp11_veneer   0x0000000000000138        0x0
 .vfp11_veneer  0x0000000000000138        0x0 linker stubs

.v4_bx          0x0000000000000138        0x0
 .v4_bx         0x0000000000000138        0x0 linker stubs

.iplt           0x0000000000000138        0x0
 .iplt          0x0000000000000138        0x0 main.o

.rel.dyn        0x0000000000000138        0x0
 .rel.iplt      0x0000000000000138        0x0 main.o

.data           0x0000000020000000        0x0 load address 0x0000000000000138
                0x0000000020000000                S_data = .
 *(.data)
 .data          0x0000000020000000        0x0 main.o
 .data          0x0000000020000000        0x0 startup.o
                0x0000000020000000                . = ALIGN (0x4)
                0x0000000020000000                E_data = .

.igot.plt       0x0000000020000000        0x0 load address 0x0000000000000138
 .igot.plt      0x0000000020000000        0x0 main.o

.bss            0x0000000020000000      0x400 load address 0x0000000000000138
                0x0000000020000000                S_bss = .
 *(.bss)
 .bss           0x0000000020000000        0x0 main.o
 .bss           0x0000000020000000      0x400 startup.o
                0x0000000020000400                . = ALIGN (0x4)
                0x0000000020000400                E_bss = .
LOAD main.o
LOAD startup.o
OUTPUT(lab3_cortex-m4.elf elf32-littlearm)

.debug_info     0x0000000000000000      0x23c
 .debug_info    0x0000000000000000       0x93 main.o
 .debug_info    0x0000000000000093      0x1a9 startup.o

.debug_abbrev   0x0000000000000000      0x150
 .debug_abbrev  0x0000000000000000       0x65 main.o
 .debug_abbrev  0x0000000000000065       0xeb startup.o

.debug_loc      0x0000000000000000       0xb4
 .debug_loc     0x0000000000000000       0x38 main.o
 .debug_loc     0x0000000000000038       0x7c startup.o

.debug_aranges  0x0000000000000000       0x40
 .debug_aranges
                0x0000000000000000       0x20 main.o
 .debug_aranges
                0x0000000000000020       0x20 startup.o

.debug_line     0x0000000000000000       0xf4
 .debug_line    0x0000000000000000       0x77 main.o
 .debug_line    0x0000000000000077       0x7d startup.o

.debug_str      0x0000000000000000      0x162
 .debug_str     0x0000000000000000       0xed main.o
                                        0x106 (size before relaxing)
 .debug_str     0x00000000000000ed       0x75 startup.o
                                        0x17b (size before relaxing)

.comment        0x0000000000000000       0x7b
 .comment       0x0000000000000000       0x7b main.o
                                         0x7c (size before relaxing)
 .comment       0x000000000000007b       0x7c startup.o

.ARM.attributes
                0x0000000000000000       0x33
 .ARM.attributes
                0x0000000000000000       0x33 main.o
 .ARM.attributes
                0x0000000000000033       0x33 startup.o

.debug_frame    0x0000000000000000       0x7c
 .debug_frame   0x0000000000000000       0x2c main.o
 .debug_frame   0x000000000000002c       0x50 startup.o
